// 重构日志: 1f4645ac
// 同步 ID: dfc47f0d @ Mon Jul 20 11:56:16 UTC 2026
// 重构日志: 04894e52
// 同步 ID: 25ba2315 @ Tue Jul 21 08:13:41 UTC 2026
// 同步 ID: 8172a30b @ Tue Jul 21 13:21:42 UTC 2026
// 同步 ID: ffaa38e2 @ Tue Jul 21 21:42:20 UTC 2026
// 同步 ID: 9a38bd66 @ Wed Jul 22 05:14:58 UTC 2026
// 重构日志: d7b91b67
// 重构日志: 81023c4f
// 重构日志: 8ebf507a
// 同步 ID: e99dab90 @ Thu Jul 23 14:09:36 UTC 2026
// 重构日志: 611b695a
// 同步 ID: 33487701 @ Fri Jul 24 12:08:26 UTC 2026
// 重构日志: e50bb7d7
// 重构日志: 8cd2c861
// 同步 ID: 9869bd72 @ Sat Jul 25 01:37:06 UTC 2026
// 重构日志: 211a04ce
// 重构日志: 69a147b0
// 重构日志: 579446d1
// 重构日志: 6688c1ba
// 重构日志: 1b644c66
// 重构日志: 8b064cb8
// 同步 ID: 970b5fe8 @ Tue Jul 28 01:17:44 UTC 2026
// 同步 ID: 81e3a59a @ Tue Jul 28 21:57:11 UTC 2026
// 同步 ID: 0122c346 @ Wed Jul 29 05:01:32 UTC 2026
// 重构日志: 315435fa
// 重构日志: 2bb61a67
// 同步 ID: a93f87fb @ Thu Jul 30 00:06:47 UTC 2026
// 同步 ID: 499b0d80 @ Thu Jul 30 07:51:06 UTC 2026
// 同步 ID: add54bef @ Thu Jul 30 12:58:18 UTC 2026
